2309 words
> heats
: ⬜⬜⬜⬜⬜

282 words
> mends
: ⬜⬜⬜⬜⬜

103 words
> river
: ⬜⬜⬜⬜⬜

34 words
> baker
: ⬜⬜⬜⬜⬜

20 words
> easel
: ⬜⬜⬜⬜🟨

12 words
> lurch
: 🟨⬜⬜⬜⬜

5 words
> foggy
: ⬜🟩⬜⬜🟩

2 words
> folly
: ⬜🟩⬜🟩🟩

1 words
> jolly
: ⬜🟩⬜🟩🟩

1 words
> wooly
: 🟩🟩🟩🟩🟩

Absurdle 10/∞

⬜⬜⬜⬜⬜
⬜⬜⬜⬜⬜
⬜⬜⬜⬜⬜
⬜⬜⬜⬜⬜
⬜⬜⬜⬜🟨
🟨⬜⬜⬜⬜
⬜🟩⬜⬜🟩
⬜🟩⬜🟩🟩
⬜🟩⬜🟩🟩
🟩🟩🟩🟩🟩
