2309 words
> renew
: ⬜⬜⬜⬜⬜

545 words
> savvy
: ⬜⬜⬜⬜⬜

111 words
> sooth
: ⬜⬜⬜⬜⬜

23 words
> churn
: ⬜⬜🟩⬜⬜

5 words
> goofy
: ⬜⬜⬜⬜⬜

2 words
> stats
: ⬜⬜⬜⬜⬜

2 words
> lucid
: 🟨🟨⬜⬜⬜

2 words
> plumb
: 🟩🟩🟩🟩⬜

1 words
> plump
: 🟩🟩🟩🟩🟩

Absurdle 9/∞

⬜⬜⬜⬜⬜
⬜⬜⬜⬜⬜
⬜⬜⬜⬜⬜
⬜⬜🟩⬜⬜
⬜⬜⬜⬜⬜
⬜⬜⬜⬜⬜
🟨🟨⬜⬜⬜
🟩🟩🟩🟩⬜
🟩🟩🟩🟩🟩
