2309 words
> mouse
: ⬜⬜⬜⬜🟨

340 words
> error
: 🟨⬜⬜⬜⬜

153 words
> adopt
: ⬜⬜⬜⬜⬜

32 words
> clean
: ⬜🟨🟨⬜⬜

9 words
> baker
: ⬜⬜⬜🟨⬜

3 words
> relay
: ⬜🟩🟨⬜🟩

1 words
> relax
: ⬜🟩🟨⬜⬜

1 words
> regal
: ⬜🟩🟩⬜🟨

1 words
> legal
: 🟩🟩🟩⬜⬜

1 words
> leggy
: 🟩🟩🟩🟩🟩

Absurdle 10/∞

⬜⬜⬜⬜🟨
🟨⬜⬜⬜⬜
⬜⬜⬜⬜⬜
⬜🟨🟨⬜⬜
⬜⬜⬜🟨⬜
⬜🟩🟨⬜🟩
⬜🟩🟨⬜⬜
⬜🟩🟩⬜🟨
🟩🟩🟩⬜⬜
🟩🟩🟩🟩🟩
